now,cpu.user,mem.used,load.cpucore,load.min1,load.min5,load.min15
2019-11-25 15:58:58 CEST,15.0,11350000000.0,8.0,2.0,1.94,2.12
2019-11-25 15:58:59 CEST,16.0,11250000000.0,8.0,2.0,1.94,2.12
2019-11-25 16:59:00 CEST,15.5,11300000000.0,8.0,2.01,1.95,2.11
