now,cpu.user,mem.used,load.cpucore,load.min1,load.min5,load.min15
2019-11-25 16:58:58 CEST,15.0,11350000000.0,8.0,2.0,1.94,2.12
2019-11-25 16:58:59 CEST,16.0,11250000000.0,8.0,2.0,1.94,2.12
2019-11-25 16:59:00 CEST,15.5,11300000000.0,8.0,2.01,1.95,2.11
2019-11-25 16:59:02 CEST,12.0,11300000000.0,8.0,2.0,1.95,2.1
2019-11-25 16:59:04 CEST,12.0,11400000000.0,8.0,2.0,1.97,2.14
2019-11-25 16:59:07 CEST,11.0,11325000000.0,8.0,2.0,1.97,2.14
2019-11-25 16:59:09 CEST,14.0,11300000000.0,8.0,2.02,1.99,2.12
